{"logTime": "0528/001711", "correlationVector":"0/GX8FWGBX7r8PqKs2kI9i.1","action":"SyncServerConnectionManagerRequest", "result":"SYNC_SERVER_OK", "context":{"environment":"Prod_westus_prod-s01-081-nam-westus", "migrationStage":"NotStarted", "server":"akswtt105000000"}}
{"logTime": "0528/001711", "correlationVector":"0/GX8FWGBX7r8PqKs2kI9i.2","action":"ProcessGetUpdates", "result":"Done", "context":{"dataType":"Encryption Keys", "deleted":"0", "process_failed_to_decrypt":"0", "process_pending_decryption":"0", "process_success":"1", "total":"1"}}
{"logTime": "0528/001712", "correlationVector":"3hQ8wV33ZFF8mHNXF3QkpE","action":"SyncServerConnectionManagerRequest", "result":"SYNC_SERVER_OK", "context":{"environment":"", "migrationStage":"", "server":""}}
{"logTime": "0528/001712", "correlationVector":"3hQ8wV33ZFF8mHNXF3QkpE.0","action":"EncryptionKeysFetcher.DownloadKeys:", "result":"Success", "context":Key count: 10, Last key timestamp: 2026-05-09T18:52:34Z}
{"logTime": "0528/001712", "correlationVector":"3hQ8wV33ZFF8mHNXF3QkpE.1","action":"EncryptionKeysManager::SetEncryptionKeys:", "result":"Success", "context":Key names[10]:[KAiL+04DdbJ6gBl1ANXzVIoqdUnQ9GpVq/yR4TDePOayiN2ky8Itun1Mz0JvhIdjGpJE4xvB3Ve+ogJ6OF9ihA==][m7EwaZkpsM1fwLaLZo9hTHDjeXz6YZ5zbTs3t5RN/cTHbh1vHHQIoJHKHde5qiyasCzAcION0C0lgUbHp5Muaw==][fNVA1wcl4HXfyt8qFm+7PoYNp3PVP7TXXBO9wYWZV6RBVRCfw1GkF063U3sgN+C4c3Q2f6+w9zo6ebMCIde60A==][nkzt6vSLzzt1NFp94P0STajUGO0v6z5hVgi69QW9D6UwNDlxvN1s896dVgmGa4XiRN4x48DRChFqGVdU2sr0Yw==][ouj+RecmH1L+LugcjsS0YhZ+wPOUQqrJVTqXsYJFv/xYoAeN5dI/i8Eei3ed+lwezmWttlKyM824MlcTnMK+iQ==][5qLnp8T9xUmXIxxHTjnxNzBIIa5uXef1BqHgvbG5++3d1To5p29CzdA9IW4JpQAYAsxGcqX0MBdVhQBMjHc4OQ==][R74vRLeQU6hqqBcNuutXhpP+YrMHa95O0yZPRsMkaZNPCfBpbwUVM52AqBhaNd4OyYKrJBoZZtO/s5mLw+qARQ==][zET6O3IuphaZT2XzA/xrCRm8x80JCZx4JsVnSOLW5v7fqhCl1xzxrSdFj7hnSeVvCTTwi6w4NG28RpbwAgzxqg==][3Je7U+ELAD5VToaBeXBGosPdnvstFOjB8jDdqyRLZK62Nx/cZnnPjbEApQ4sHK3NeYHWHBdxGboDe2RP+RoL9A==][GC9J12s2+8OaPMoVsm2ceoASelAZnjsv/nD5pvvotgTZf96RlpvigIQNoOPuRotYJQyOCdQpYnpD3Gym+9exLw==]}
{"logTime": "0528/001712", "correlationVector":"3hQ8wV33ZFF8mHNXF3QkpE.2","action":"EncryptionKeysManager::SetEncryptionKeysWithTimestamps:", "result":"Success", "context":Key timestamps[10]:[2023-04-26T00:07:13Z][2023-10-23T19:31:05Z][2023-12-13T00:00:18Z][2024-01-26T21:11:27Z][2024-07-24T22:43:49Z][2024-09-10T20:22:54Z][2025-02-09T21:16:08Z][2025-06-09T21:30:38Z][2025-11-07T20:14:10Z][2026-05-09T18:52:34Z]}
{"logTime": "0528/001712", "correlationVector":"0/GX8FWGBX7r8PqKs2kI9i","action":"Initial GetUpdates", "result":"", "context":Reason: NEW_CLIENT. cV=0/GX8FWGBX7r8PqKs2kI9i}
{"logTime": "0528/001712", "correlationVector":"0/GX8FWGBX7r8PqKs2kI9i.3","action":"GetUpdates Response", "result":"Success", "context":Received 1 update(s). cV=0/GX8FWGBX7r8PqKs2kI9i.0;server=akswtt105000000;cloudType=Consumer;environment=Prod_westus_prod-s01-081-nam-westus;migrationStage=NotStarted}
{"logTime": "0528/001712", "correlationVector":"gJBu91YaHk+gFKz/JBWbU5","action":"Initial GetUpdates", "result":"", "context":Reason: NEWLY_SUPPORTED_DATATYPE. cV=gJBu91YaHk+gFKz/JBWbU5}
{"logTime": "0528/001712", "correlationVector":"gJBu91YaHk+gFKz/JBWbU5.1","action":"SyncServerConnectionManagerRequest", "result":"SYNC_SERVER_OK", "context":{"environment":"Prod_westus_prod-s01-081-nam-westus", "migrationStage":"NotStarted", "server":"akswtt105000012"}}
{"logTime": "0528/001712", "correlationVector":"gJBu91YaHk+gFKz/JBWbU5.2","action":"ProcessGetUpdates", "result":"Done", "context":{"dataType":"Preferences", "deleted":"0", "process_failed_to_decrypt":"0", "process_pending_decryption":"0", "process_success":"87", "total":"87"}}
{"logTime": "0528/001712", "correlationVector":"gJBu91YaHk+gFKz/JBWbU5.3","action":"ProcessGetUpdates", "result":"Done", "context":{"dataType":"Passwords", "deleted":"145", "process_failed_to_decrypt":"0", "process_pending_decryption":"0", "process_success":"145", "total":"145"}}
{"logTime": "0528/001712", "correlationVector":"gJBu91YaHk+gFKz/JBWbU5.4","action":"ProcessGetUpdates", "result":"Done", "context":{"dataType":"Device Info", "deleted":"0", "process_failed_to_decrypt":"0", "process_pending_decryption":"0", "process_success":"18", "total":"18"}}
{"logTime": "0528/001712", "correlationVector":"gJBu91YaHk+gFKz/JBWbU5.5","action":"GetUpdates Response", "result":"Success", "context":Received 250 update(s). cV=gJBu91YaHk+gFKz/JBWbU5.0;server=akswtt105000012;cloudType=Consumer;environment=Prod_westus_prod-s01-081-nam-westus;migrationStage=NotStarted Some updates remain.}
{"logTime": "0528/001712", "correlationVector":"8BNBU2SKwyBeNJTjrPo4sm","action":"Initial GetUpdates", "result":"", "context":Reason: NEWLY_SUPPORTED_DATATYPE. cV=8BNBU2SKwyBeNJTjrPo4sm}
{"logTime": "0528/001713", "correlationVector":"8BNBU2SKwyBeNJTjrPo4sm.1","action":"SyncServerConnectionManagerRequest", "result":"SYNC_SERVER_OK", "context":{"environment":"Prod_westus_prod-s01-081-nam-westus", "migrationStage":"NotStarted", "server":"akswtt10500001l"}}
{"logTime": "0528/001713", "correlationVector":"8BNBU2SKwyBeNJTjrPo4sm.2","action":"ProcessGetUpdates", "result":"Done", "context":{"dataType":"Preferences", "deleted":"1", "process_failed_to_decrypt":"0", "process_pending_decryption":"0", "process_success":"18", "total":"18"}}
{"logTime": "0528/001713", "correlationVector":"8BNBU2SKwyBeNJTjrPo4sm.3","action":"ProcessGetUpdates", "result":"Done", "context":{"dataType":"Passwords", "deleted":"109", "process_failed_to_decrypt":"0", "process_pending_decryption":"0", "process_success":"112", "total":"112"}}
{"logTime": "0528/001713", "correlationVector":"8BNBU2SKwyBeNJTjrPo4sm.4","action":"ProcessGetUpdates", "result":"Done", "context":{"dataType":"Device Info", "deleted":"0", "process_failed_to_decrypt":"0", "process_pending_decryption":"0", "process_success":"3", "total":"3"}}
{"logTime": "0528/001713", "correlationVector":"8BNBU2SKwyBeNJTjrPo4sm.5","action":"GetUpdates Response", "result":"Success", "context":Received 133 update(s). cV=8BNBU2SKwyBeNJTjrPo4sm.0;server=akswtt10500001l;cloudType=Consumer;environment=Prod_westus_prod-s01-081-nam-westus;migrationStage=NotStarted}
{"logTime": "0528/001713", "correlationVector":"RWOWhKXvsM1W6M0dxPDX9/","action":"Initial GetUpdates", "result":"", "context":Reason: NEWLY_SUPPORTED_DATATYPE. cV=RWOWhKXvsM1W6M0dxPDX9/}
{"logTime": "0528/001713", "correlationVector":"RWOWhKXvsM1W6M0dxPDX9/.1","action":"SyncServerConnectionManagerRequest", "result":"SYNC_SERVER_OK", "context":{"environment":"Prod_westus_prod-s01-081-nam-westus", "migrationStage":"NotStarted", "server":"akswtt10500001y"}}
{"logTime": "0528/001713", "correlationVector":"RWOWhKXvsM1W6M0dxPDX9/.2","action":"ProcessGetUpdates", "result":"Done", "context":{"dataType":"Bookmarks", "deleted":"0", "process_failed_to_decrypt":"0", "process_pending_decryption":"0", "process_success":"137", "total":"137"}}
{"logTime": "0528/001713", "correlationVector":"RWOWhKXvsM1W6M0dxPDX9/.3","action":"GetUpdates Response", "result":"Success", "context":Received 137 update(s). cV=RWOWhKXvsM1W6M0dxPDX9/.0;server=akswtt10500001y;cloudType=Consumer;environment=Prod_westus_prod-s01-081-nam-westus;migrationStage=NotStarted}
{"logTime": "0528/001713", "correlationVector":"/fshRcTSCCcYgMDNX4lvFt","action":"Initial GetUpdates", "result":"", "context":Reason: NEWLY_SUPPORTED_DATATYPE. cV=/fshRcTSCCcYgMDNX4lvFt}
{"logTime": "0528/001714", "correlationVector":"/fshRcTSCCcYgMDNX4lvFt.1","action":"SyncServerConnectionManagerRequest", "result":"SYNC_SERVER_OK", "context":{"environment":"Prod_westus_prod-s01-081-nam-westus", "migrationStage":"NotStarted", "server":"akswtt10500001j"}}
{"logTime": "0528/001714", "correlationVector":"/fshRcTSCCcYgMDNX4lvFt.2","action":"ProcessGetUpdates", "result":"Done", "context":{"dataType":"Autofill Profiles", "deleted":"0", "process_failed_to_decrypt":"0", "process_pending_decryption":"0", "process_success":"1", "total":"1"}}
{"logTime": "0528/001714", "correlationVector":"/fshRcTSCCcYgMDNX4lvFt.3","action":"ProcessGetUpdates", "result":"Done", "context":{"dataType":"Autofill", "deleted":"0", "process_failed_to_decrypt":"0", "process_pending_decryption":"0", "process_success":"123", "total":"123"}}
{"logTime": "0528/001714", "correlationVector":"/fshRcTSCCcYgMDNX4lvFt.4","action":"ProcessGetUpdates", "result":"Done", "context":{"dataType":"Extensions", "deleted":"0", "process_failed_to_decrypt":"0", "process_pending_decryption":"0", "process_success":"12", "total":"12"}}
{"logTime": "0528/001714", "correlationVector":"/fshRcTSCCcYgMDNX4lvFt.5","action":"ProcessGetUpdates", "result":"Done", "context":{"dataType":"Sessions", "deleted":"33", "process_failed_to_decrypt":"0", "process_pending_decryption":"0", "process_success":"36", "total":"36"}}
{"logTime": "0528/001714", "correlationVector":"/fshRcTSCCcYgMDNX4lvFt.6","action":"ProcessGetUpdates", "result":"Done", "context":{"dataType":"Extension settings", "deleted":"0", "process_failed_to_decrypt":"0", "process_pending_decryption":"0", "process_success":"14", "total":"14"}}
{"logTime": "0528/001714", "correlationVector":"/fshRcTSCCcYgMDNX4lvFt.7","action":"ProcessGetUpdates", "result":"Done", "context":{"dataType":"Edge Hub App Usage", "deleted":"1", "process_failed_to_decrypt":"0", "process_pending_decryption":"0", "process_success":"3", "total":"3"}}
{"logTime": "0528/001714", "correlationVector":"/fshRcTSCCcYgMDNX4lvFt.8","action":"GetUpdates Response", "result":"Success", "context":Received 189 update(s). cV=/fshRcTSCCcYgMDNX4lvFt.0;server=akswtt10500001j;cloudType=Consumer;environment=Prod_westus_prod-s01-081-nam-westus;migrationStage=NotStarted}
{"logTime": "0528/001714", "correlationVector":"ebcnX3Al7GbRqfnM3I4Cik","action":"Initial GetUpdates", "result":"", "context":Reason: NEWLY_SUPPORTED_DATATYPE. cV=ebcnX3Al7GbRqfnM3I4Cik}
{"logTime": "0528/001714", "correlationVector":"ebcnX3Al7GbRqfnM3I4Cik.1","action":"SyncServerConnectionManagerRequest", "result":"SYNC_SERVER_OK", "context":{"environment":"Prod_westus_prod-s01-081-nam-westus", "migrationStage":"NotStarted", "server":"akswtt10500001i"}}
{"logTime": "0528/001714", "correlationVector":"ebcnX3Al7GbRqfnM3I4Cik.2","action":"ProcessGetUpdates", "result":"Done", "context":{"dataType":"History", "deleted":"0", "process_failed_to_decrypt":"0", "process_pending_decryption":"0", "process_success":"71", "total":"71"}}
{"logTime": "0528/001714", "correlationVector":"ebcnX3Al7GbRqfnM3I4Cik.3","action":"GetUpdates Response", "result":"Success", "context":Received 71 update(s). cV=ebcnX3Al7GbRqfnM3I4Cik.0;server=akswtt10500001i;cloudType=Consumer;environment=Prod_westus_prod-s01-081-nam-westus;migrationStage=NotStarted}
{"logTime": "0528/001716", "correlationVector":"EIIIo0dw89iKsMIhxaNw3g","action":"Normal GetUpdate request", "result":"", "context":cV=EIIIo0dw89iKsMIhxaNw3g
Nudged types: Sessions, Device Info, User Consents
Refresh requested types: Bookmarks, Preferences, Passwords, Autofill Profiles, Autofill, Extensions, Sessions, Extension settings, History Delete Directives, Device Info, User Consents, Send Tab To Self, Web Apps, History, Saved Tab Group, WebAuthn Credentials, Collection, Edge E Drop, Edge Hub App Usage, Edge Wallet, Edge Workspace, Encryption Keys}
{"logTime": "0528/001717", "correlationVector":"EIIIo0dw89iKsMIhxaNw3g.1","action":"SyncServerConnectionManagerRequest", "result":"SYNC_SERVER_OK", "context":{"environment":"Prod_westus_prod-s01-081-nam-westus", "migrationStage":"NotStarted", "server":"akswtt105000013"}}
{"logTime": "0528/001717", "correlationVector":"EIIIo0dw89iKsMIhxaNw3g.2","action":"GetUpdates Response", "result":"Success", "context":Received 0 update(s). cV=EIIIo0dw89iKsMIhxaNw3g.0;server=akswtt105000013;cloudType=Consumer;environment=Prod_westus_prod-s01-081-nam-westus;migrationStage=NotStarted}
{"logTime": "0528/001717", "correlationVector":"eodQzjepgSJoPxvyfotjEG","action":"DoCompareDataConsistency requsted types: ", "result":"Bookmarks, Preferences, Passwords, Extensions, Extension settings, History Delete Directives, Send Tab To Self, Web Apps, History, Saved Tab Group, WebAuthn Credentials, Collection, Edge E Drop, Edge Wallet, Edge Workspace, Encryption Keys"}
{"logTime": "0528/001717", "correlationVector":"eodQzjepgSJoPxvyfotjEG.0","action":"CompareDataConsistency result: ", "result":"Compare result: Encryption Keys is consistent. local entities count is: 1 local entities hash is: UQw6JOrawn6oiozgXV5pQ/wxjy4="}
{"logTime": "0528/001717", "correlationVector":"eodQzjepgSJoPxvyfotjEG.1","action":"CompareDataConsistency result: ", "result":"Compare result: Bookmarks is consistent. local entities count is: 131 local entities hash is: pzUkveMCMNnCE8CbivvLmQXsXCg="}
{"logTime": "0528/001717", "correlationVector":"eodQzjepgSJoPxvyfotjEG.2","action":"CompareDataConsistency result: ", "result":"Compare result: Preferences is consistent. local entities count is: 104 local entities hash is: FqWQe/VYGhFYAkEhaMFnluEu0KU="}
{"logTime": "0528/001717", "correlationVector":"eodQzjepgSJoPxvyfotjEG.3","action":"CompareDataConsistency result: ", "result":"Compare result: Extensions is consistent. local entities count is: 12 local entities hash is: +gEStKFELOsHE5vJIpC8uZADrtE="}
{"logTime": "0528/001717", "correlationVector":"eodQzjepgSJoPxvyfotjEG.4","action":"CompareDataConsistency result: ", "result":"Compare result: Extension settings is consistent. local entities count is: 14 local entities hash is: JD+7TyU9ACtzOirh0Nx5REgd628="}
{"logTime": "0528/001717", "correlationVector":"eodQzjepgSJoPxvyfotjEG.5","action":"CompareDataConsistency result: ", "result":"Compare result: History Delete Directives is consistent. local entities count is: 0 local entities hash is: "}
{"logTime": "0528/001717", "correlationVector":"eodQzjepgSJoPxvyfotjEG.6","action":"CompareDataConsistency result: ", "result":"Server did not send this Send Tab To Self local entities count is: 0 local entities hash is: "}
{"logTime": "0528/001717", "correlationVector":"eodQzjepgSJoPxvyfotjEG.7","action":"CompareDataConsistency result: ", "result":"Compare result: Web Apps is consistent. local entities count is: 0 local entities hash is: "}
{"logTime": "0528/001717", "correlationVector":"eodQzjepgSJoPxvyfotjEG.8","action":"CompareDataConsistency result: ", "result":"Server did not send this History local entities count is: 0 local entities hash is: "}
{"logTime": "0528/001717", "correlationVector":"eodQzjepgSJoPxvyfotjEG.9","action":"CompareDataConsistency result: ", "result":"Compare result: Saved Tab Group is consistent. local entities count is: 0 local entities hash is: "}
{"logTime": "0528/001717", "correlationVector":"eodQzjepgSJoPxvyfotjEG.10","action":"CompareDataConsistency result: ", "result":"Server did not send this WebAuthn Credentials local entities count is: 0 local entities hash is: "}
{"logTime": "0528/001717", "correlationVector":"eodQzjepgSJoPxvyfotjEG.11","action":"CompareDataConsistency result: ", "result":"Compare result: Collection is consistent. local entities count is: 0 local entities hash is: "}
{"logTime": "0528/001717", "correlationVector":"eodQzjepgSJoPxvyfotjEG.12","action":"CompareDataConsistency result: ", "result":"Compare result: Edge E Drop is consistent. local entities count is: 0 local entities hash is: "}
{"logTime": "0528/001717", "correlationVector":"eodQzjepgSJoPxvyfotjEG.13","action":"CompareDataConsistency result: ", "result":"Compare result: Edge Wallet is consistent. local entities count is: 0 local entities hash is: "}
{"logTime": "0528/001717", "correlationVector":"eodQzjepgSJoPxvyfotjEG.14","action":"CompareDataConsistency result: ", "result":"Server did not send this Edge Workspace local entities count is: 0 local entities hash is: "}
{"logTime": "0528/001717", "correlationVector":"eodQzjepgSJoPxvyfotjEG.15","action":"CompareDataConsistency result: ", "result":"Compare result: Passwords is consistent. local entities count is: 3 local entities hash is: FSDxaHiQcvAe+8HtG159X+3ovrA="}
{"logTime": "0528/001717", "correlationVector":"qKbj1Y/XQnZEBIuzLxL2mg","action":"Commit Request", "result":"", "context":Item count: 4
Contributing types: Sessions, Device Info, User Consents}
{"logTime": "0528/001718", "correlationVector":"qKbj1Y/XQnZEBIuzLxL2mg.1","action":"SyncServerConnectionManagerRequest", "result":"SYNC_SERVER_OK", "context":{"environment":"Prod_westus_prod-s01-081-nam-westus", "migrationStage":"NotStarted", "server":"akswtt105000010"}}
{"logTime": "0528/001718", "correlationVector":"qKbj1Y/XQnZEBIuzLxL2mg.2","action":"Commit Response", "result":"Success", "context":Result: Success. cV=qKbj1Y/XQnZEBIuzLxL2mg.0;server=akswtt105000010;cloudType=Consumer;environment=Prod_westus_prod-s01-081-nam-westus;migrationStage=NotStarted}
{"logTime": "0528/001718", "correlationVector":"","action":"DIAGNOSTIC_REQUEST|v1/diagnosticData/Diagnostic.SendCheckResult()|SUCCESS", "result":""}
{"logTime": "0528/001719", "correlationVector":"K5lPV9ohftU5C5XVvEXN3l","action":"Commit Request", "result":"", "context":Item count: 4
Contributing types: Preferences, Passwords}
{"logTime": "0528/001723", "correlationVector":"K5lPV9ohftU5C5XVvEXN3l.1","action":"SyncServerConnectionManagerRequest", "result":"SYNC_SERVER_OK", "context":{"environment":"Prod_westus_prod-s01-081-nam-westus", "migrationStage":"NotStarted", "server":"akswtt10500000n"}}
{"logTime": "0528/001723", "correlationVector":"K5lPV9ohftU5C5XVvEXN3l.2","action":"Commit Response", "result":"Success", "context":Result: Success. cV=K5lPV9ohftU5C5XVvEXN3l.0;server=akswtt10500000n;cloudType=Consumer;environment=Prod_westus_prod-s01-081-nam-westus;migrationStage=NotStarted}
{"logTime": "0528/001728", "correlationVector":"bSFcQ5AZQdJi5OMC0DRlC3","action":"Commit Request", "result":"", "context":Item count: 1
Contributing types: Edge Hub App Usage}
{"logTime": "0528/001728", "correlationVector":"bSFcQ5AZQdJi5OMC0DRlC3.1","action":"SyncServerConnectionManagerRequest", "result":"SYNC_SERVER_OK", "context":{"environment":"Prod_westus_prod-s01-081-nam-westus", "migrationStage":"NotStarted", "server":"akswtt10500001p"}}
{"logTime": "0528/001728", "correlationVector":"bSFcQ5AZQdJi5OMC0DRlC3.2","action":"Commit Response", "result":"Success", "context":Result: Success. cV=bSFcQ5AZQdJi5OMC0DRlC3.0;server=akswtt10500001p;cloudType=Consumer;environment=Prod_westus_prod-s01-081-nam-westus;migrationStage=NotStarted}
{"logTime": "0528/001732", "correlationVector":"jE5tYw2ejaZZ+j2lfWRHXk","action":"Commit Request", "result":"", "context":Item count: 1
Contributing types: Edge Hub App Usage}
{"logTime": "0528/001733", "correlationVector":"jE5tYw2ejaZZ+j2lfWRHXk.1","action":"SyncServerConnectionManagerRequest", "result":"SYNC_SERVER_OK", "context":{"environment":"Prod_westus_prod-s01-081-nam-westus", "migrationStage":"NotStarted", "server":"akswtt10500001x"}}
{"logTime": "0528/001733", "correlationVector":"jE5tYw2ejaZZ+j2lfWRHXk.2","action":"Commit Response", "result":"Success", "context":Result: Success. cV=jE5tYw2ejaZZ+j2lfWRHXk.0;server=akswtt10500001x;cloudType=Consumer;environment=Prod_westus_prod-s01-081-nam-westus;migrationStage=NotStarted}
{"logTime": "0528/001759", "correlationVector":"9ERKTjd1C/SoTxGn/PrWbH","action":"Commit Request", "result":"", "context":Item count: 3
Contributing types: Passwords}
{"logTime": "0528/001800", "correlationVector":"9ERKTjd1C/SoTxGn/PrWbH.1","action":"SyncServerConnectionManagerRequest", "result":"SYNC_SERVER_OK", "context":{"environment":"Prod_westus_prod-s01-081-nam-westus", "migrationStage":"NotStarted", "server":"akswtt10500001d"}}
{"logTime": "0528/001800", "correlationVector":"9ERKTjd1C/SoTxGn/PrWbH.2","action":"Commit Response", "result":"Success", "context":Result: Success. cV=9ERKTjd1C/SoTxGn/PrWbH.0;server=akswtt10500001d;cloudType=Consumer;environment=Prod_westus_prod-s01-081-nam-westus;migrationStage=NotStarted}
{"logTime": "0529/005634", "correlationVector":"am3wltSKuamwH2xvmmR6qP","action":"Poll GetUpdate request", "result":"", "context":cV=am3wltSKuamwH2xvmmR6qP}
{"logTime": "0529/005639", "correlationVector":"am3wltSKuamwH2xvmmR6qP","action":"SyncServerConnectionManagerRequest", "result":"CONNECTION_UNAVAILABLE", "context":{"error_type":"net_error_code", "error_value":"-105"}}
{"logTime": "0529/005639", "correlationVector":"pYAdC/h0PFZ4tDe1ksn5BF.0","action":"GetUpdates Response", "result":"Network error (ERR_NAME_NOT_RESOLVED)", "context":Received error: Network error (ERR_NAME_NOT_RESOLVED). }
{"logTime": "0529/005642", "correlationVector":"pYAdC/h0PFZ4tDe1ksn5BF.1","action":"SyncServerConnectionManagerRequest", "result":"SYNC_SERVER_ERROR", "context":{"environment":"", "error_type":"http_status_code", "error_value":"400", "migrationStage":"", "server":""}}
{"logTime": "0529/005642", "correlationVector":"P3yRRmqSrja0MFtE0UvFSK","action":"Commit Request", "result":"", "context":Item count: 2
Contributing types: Preferences, Device Info}
{"logTime": "0529/005642", "correlationVector":"P3yRRmqSrja0MFtE0UvFSK.1","action":"SyncServerConnectionManagerRequest", "result":"SYNC_AUTH_ERROR", "context":{"environment":"Prod_westus_prod-s01-081-nam-westus", "migrationStage":"NotStarted", "server":"akswtt10500001f"}}
{"logTime": "0529/005642", "correlationVector":"P3yRRmqSrja0MFtE0UvFSK.2","action":"Commit Response", "result":"HTTP error (401)", "context":Result: HTTP error (401). cV=P3yRRmqSrja0MFtE0UvFSK.0;server=akswtt10500001f;cloudType=Undetermined;environment=Prod_westus_prod-s01-081-nam-westus;migrationStage=NotStarted}
{"logTime": "0529/005705", "correlationVector":"RBunotMsPPfds1t4jLVXLE","action":"Commit Request", "result":"", "context":Item count: 2
Contributing types: Preferences, Device Info}
{"logTime": "0529/005705", "correlationVector":"RBunotMsPPfds1t4jLVXLE.1","action":"SyncServerConnectionManagerRequest", "result":"SYNC_SERVER_OK", "context":{"environment":"Prod_westus_prod-s01-081-nam-westus", "migrationStage":"NotStarted", "server":"akswtt10500001y"}}
{"logTime": "0529/005705", "correlationVector":"RBunotMsPPfds1t4jLVXLE.2","action":"Commit Response", "result":"Success", "context":Result: Success. cV=RBunotMsPPfds1t4jLVXLE.0;server=akswtt10500001y;cloudType=Consumer;environment=Prod_westus_prod-s01-081-nam-westus;migrationStage=NotStarted}
{"logTime": "0529/005705", "correlationVector":"nCeCwipHkMM1h6LV3f2vFc","action":"Poll GetUpdate request", "result":"", "context":cV=nCeCwipHkMM1h6LV3f2vFc}
{"logTime": "0529/005706", "correlationVector":"nCeCwipHkMM1h6LV3f2vFc.1","action":"SyncServerConnectionManagerRequest", "result":"SYNC_SERVER_OK", "context":{"environment":"Prod_westus_prod-s01-081-nam-westus", "migrationStage":"NotStarted", "server":"akswtt10500001j"}}
{"logTime": "0529/005706", "correlationVector":"nCeCwipHkMM1h6LV3f2vFc.2","action":"ProcessGetUpdates", "result":"Done", "context":{"dataType":"Preferences", "deleted":"0", "process_failed_to_decrypt":"0", "process_pending_decryption":"0", "process_success":"2", "total":"2"}}
{"logTime": "0529/005706", "correlationVector":"nCeCwipHkMM1h6LV3f2vFc.3","action":"ProcessGetUpdates", "result":"Done", "context":{"dataType":"Passwords", "deleted":"0", "process_failed_to_decrypt":"0", "process_pending_decryption":"0", "process_success":"3", "total":"3"}}
{"logTime": "0529/005706", "correlationVector":"nCeCwipHkMM1h6LV3f2vFc.4","action":"ProcessGetUpdates", "result":"Done", "context":{"dataType":"Sessions", "deleted":"0", "process_failed_to_decrypt":"0", "process_pending_decryption":"0", "process_success":"2", "total":"2"}}
{"logTime": "0529/005706", "correlationVector":"nCeCwipHkMM1h6LV3f2vFc.5","action":"ProcessGetUpdates", "result":"Done", "context":{"dataType":"Device Info", "deleted":"0", "process_failed_to_decrypt":"0", "process_pending_decryption":"0", "process_success":"1", "total":"1"}}
{"logTime": "0529/005706", "correlationVector":"nCeCwipHkMM1h6LV3f2vFc.6","action":"ProcessGetUpdates", "result":"Done", "context":{"dataType":"Edge Hub App Usage", "deleted":"0", "process_failed_to_decrypt":"0", "process_pending_decryption":"0", "process_success":"2", "total":"2"}}
{"logTime": "0529/005706", "correlationVector":"nCeCwipHkMM1h6LV3f2vFc.7","action":"GetUpdates Response", "result":"Success", "context":Received 10 update(s). cV=nCeCwipHkMM1h6LV3f2vFc.0;server=akswtt10500001j;cloudType=Consumer;environment=Prod_westus_prod-s01-081-nam-westus;migrationStage=NotStarted}
{"logTime": "0529/005707", "correlationVector":"/jOiEWAtrflinUt70bISeg","action":"SyncServerConnectionManagerRequest", "result":"SYNC_SERVER_OK", "context":{"environment":"", "migrationStage":"", "server":""}}
{"logTime": "0529/005707", "correlationVector":"/jOiEWAtrflinUt70bISeg.0","action":"EncryptionKeysFetcher.DownloadKeys:", "result":"Success", "context":Key count: 10, Last key timestamp: 2026-05-09T18:52:34Z}
{"logTime": "0529/005707", "correlationVector":"/jOiEWAtrflinUt70bISeg.1","action":"EncryptionKeysManager::SetEncryptionKeys:", "result":"Success", "context":Key names[10]:[KAiL+04DdbJ6gBl1ANXzVIoqdUnQ9GpVq/yR4TDePOayiN2ky8Itun1Mz0JvhIdjGpJE4xvB3Ve+ogJ6OF9ihA==][m7EwaZkpsM1fwLaLZo9hTHDjeXz6YZ5zbTs3t5RN/cTHbh1vHHQIoJHKHde5qiyasCzAcION0C0lgUbHp5Muaw==][fNVA1wcl4HXfyt8qFm+7PoYNp3PVP7TXXBO9wYWZV6RBVRCfw1GkF063U3sgN+C4c3Q2f6+w9zo6ebMCIde60A==][nkzt6vSLzzt1NFp94P0STajUGO0v6z5hVgi69QW9D6UwNDlxvN1s896dVgmGa4XiRN4x48DRChFqGVdU2sr0Yw==][ouj+RecmH1L+LugcjsS0YhZ+wPOUQqrJVTqXsYJFv/xYoAeN5dI/i8Eei3ed+lwezmWttlKyM824MlcTnMK+iQ==][5qLnp8T9xUmXIxxHTjnxNzBIIa5uXef1BqHgvbG5++3d1To5p29CzdA9IW4JpQAYAsxGcqX0MBdVhQBMjHc4OQ==][R74vRLeQU6hqqBcNuutXhpP+YrMHa95O0yZPRsMkaZNPCfBpbwUVM52AqBhaNd4OyYKrJBoZZtO/s5mLw+qARQ==][zET6O3IuphaZT2XzA/xrCRm8x80JCZx4JsVnSOLW5v7fqhCl1xzxrSdFj7hnSeVvCTTwi6w4NG28RpbwAgzxqg==][3Je7U+ELAD5VToaBeXBGosPdnvstFOjB8jDdqyRLZK62Nx/cZnnPjbEApQ4sHK3NeYHWHBdxGboDe2RP+RoL9A==][GC9J12s2+8OaPMoVsm2ceoASelAZnjsv/nD5pvvotgTZf96RlpvigIQNoOPuRotYJQyOCdQpYnpD3Gym+9exLw==]}
{"logTime": "0529/005707", "correlationVector":"/jOiEWAtrflinUt70bISeg.2","action":"EncryptionKeysManager::SetEncryptionKeysWithTimestamps:", "result":"Success", "context":Key timestamps[10]:[2023-04-26T00:07:13Z][2023-10-23T19:31:05Z][2023-12-13T00:00:18Z][2024-01-26T21:11:27Z][2024-07-24T22:43:49Z][2024-09-10T20:22:54Z][2025-02-09T21:16:08Z][2025-06-09T21:30:38Z][2025-11-07T20:14:10Z][2026-05-09T18:52:34Z]}
{"logTime": "0529/005736", "correlationVector":"3R+WPngn6VXmNiDlnfJqtn","action":"Commit Request", "result":"", "context":Item count: 1
Contributing types: Device Info}
{"logTime": "0529/005736", "correlationVector":"3R+WPngn6VXmNiDlnfJqtn.1","action":"SyncServerConnectionManagerRequest", "result":"SYNC_SERVER_OK", "context":{"environment":"Prod_westus_prod-s01-081-nam-westus", "migrationStage":"NotStarted", "server":"akswtt105000018"}}
{"logTime": "0529/005736", "correlationVector":"3R+WPngn6VXmNiDlnfJqtn.2","action":"Commit Response", "result":"Success", "context":Result: Success. cV=3R+WPngn6VXmNiDlnfJqtn.0;server=akswtt105000018;cloudType=Consumer;environment=Prod_westus_prod-s01-081-nam-westus;migrationStage=NotStarted}
{"logTime": "0529/023622", "correlationVector":"Emac4Wb5eQ0VNEB5wdI19L","action":"Normal GetUpdate request", "result":"", "context":cV=Emac4Wb5eQ0VNEB5wdI19L
Notified types: Preferences, Device Info, History, Edge Hub App Usage}
{"logTime": "0529/023622", "correlationVector":"Emac4Wb5eQ0VNEB5wdI19L.1","action":"SyncServerConnectionManagerRequest", "result":"SYNC_SERVER_OK", "context":{"environment":"Prod_westus_prod-s01-081-nam-westus", "migrationStage":"NotStarted", "server":"akswtt10500000n"}}
{"logTime": "0529/023622", "correlationVector":"Emac4Wb5eQ0VNEB5wdI19L.2","action":"ProcessGetUpdates", "result":"Done", "context":{"dataType":"Preferences", "deleted":"0", "process_failed_to_decrypt":"0", "process_pending_decryption":"0", "process_success":"2", "total":"2"}}
{"logTime": "0529/023622", "correlationVector":"Emac4Wb5eQ0VNEB5wdI19L.3","action":"ProcessGetUpdates", "result":"Done", "context":{"dataType":"Sessions", "deleted":"3", "process_failed_to_decrypt":"0", "process_pending_decryption":"0", "process_success":"5", "total":"5"}}
{"logTime": "0529/023622", "correlationVector":"Emac4Wb5eQ0VNEB5wdI19L.4","action":"ProcessGetUpdates", "result":"Done", "context":{"dataType":"Device Info", "deleted":"0", "process_failed_to_decrypt":"0", "process_pending_decryption":"0", "process_success":"2", "total":"2"}}
{"logTime": "0529/023622", "correlationVector":"Emac4Wb5eQ0VNEB5wdI19L.5","action":"ProcessGetUpdates", "result":"Done", "context":{"dataType":"History", "deleted":"0", "process_failed_to_decrypt":"0", "process_pending_decryption":"0", "process_success":"2", "total":"2"}}
{"logTime": "0529/023622", "correlationVector":"Emac4Wb5eQ0VNEB5wdI19L.6","action":"ProcessGetUpdates", "result":"Done", "context":{"dataType":"Edge Hub App Usage", "deleted":"1", "process_failed_to_decrypt":"0", "process_pending_decryption":"0", "process_success":"1", "total":"1"}}
{"logTime": "0529/023622", "correlationVector":"Emac4Wb5eQ0VNEB5wdI19L.7","action":"GetUpdates Response", "result":"Success", "context":Received 12 update(s). cV=Emac4Wb5eQ0VNEB5wdI19L.0;server=akswtt10500000n;cloudType=Consumer;environment=Prod_westus_prod-s01-081-nam-westus;migrationStage=NotStarted}
{"logTime": "0529/023624", "correlationVector":"iHsIOmE/Cm70IHyqIZVJGI","action":"Normal GetUpdate request", "result":"", "context":cV=iHsIOmE/Cm70IHyqIZVJGI
Notified types: History}
{"logTime": "0529/023624", "correlationVector":"iHsIOmE/Cm70IHyqIZVJGI.1","action":"SyncServerConnectionManagerRequest", "result":"SYNC_SERVER_OK", "context":{"environment":"Prod_westus_prod-s01-081-nam-westus", "migrationStage":"NotStarted", "server":"akswtt10500001k"}}
{"logTime": "0529/023624", "correlationVector":"iHsIOmE/Cm70IHyqIZVJGI.2","action":"ProcessGetUpdates", "result":"Done", "context":{"dataType":"Sessions", "deleted":"0", "process_failed_to_decrypt":"0", "process_pending_decryption":"0", "process_success":"1", "total":"1"}}
{"logTime": "0529/023624", "correlationVector":"iHsIOmE/Cm70IHyqIZVJGI.3","action":"ProcessGetUpdates", "result":"Done", "context":{"dataType":"History", "deleted":"0", "process_failed_to_decrypt":"0", "process_pending_decryption":"0", "process_success":"3", "total":"3"}}
{"logTime": "0529/023624", "correlationVector":"iHsIOmE/Cm70IHyqIZVJGI.4","action":"GetUpdates Response", "result":"Success", "context":Received 4 update(s). cV=iHsIOmE/Cm70IHyqIZVJGI.0;server=akswtt10500001k;cloudType=Consumer;environment=Prod_westus_prod-s01-081-nam-westus;migrationStage=NotStarted}
{"logTime": "0529/023816", "correlationVector":"1UzPcz1X765DXGpkIr1+m0","action":"Normal GetUpdate request", "result":"", "context":cV=1UzPcz1X765DXGpkIr1+m0
Notified types: Device Info}
{"logTime": "0529/023817", "correlationVector":"1UzPcz1X765DXGpkIr1+m0.1","action":"SyncServerConnectionManagerRequest", "result":"SYNC_SERVER_OK", "context":{"environment":"Prod_westus2_prod-s01-035-nam-westus2", "migrationStage":"NotStarted", "server":"akswtt11400000z"}}
{"logTime": "0529/023817", "correlationVector":"1UzPcz1X765DXGpkIr1+m0.2","action":"ProcessGetUpdates", "result":"Done", "context":{"dataType":"Device Info", "deleted":"0", "process_failed_to_decrypt":"0", "process_pending_decryption":"0", "process_success":"1", "total":"1"}}
{"logTime": "0529/023817", "correlationVector":"1UzPcz1X765DXGpkIr1+m0.3","action":"GetUpdates Response", "result":"Success", "context":Received 1 update(s). cV=1UzPcz1X765DXGpkIr1+m0.0;server=akswtt11400000z;cloudType=Consumer;environment=Prod_westus2_prod-s01-035-nam-westus2;migrationStage=NotStarted}
{"logTime": "0529/023818", "correlationVector":"BzHisTnc3IidnjdMlEQAap","action":"DoCompareDataConsistency requsted types: ", "result":"Bookmarks, Preferences, Passwords, Extensions, Extension settings, History Delete Directives, Send Tab To Self, Web Apps, History, Saved Tab Group, WebAuthn Credentials, Collection, Edge E Drop, Edge Wallet, Edge Workspace, Encryption Keys"}
{"logTime": "0529/023818", "correlationVector":"BzHisTnc3IidnjdMlEQAap.0","action":"CompareDataConsistency result: ", "result":"Compare result: Encryption Keys is consistent. local entities count is: 1 local entities hash is: UQw6JOrawn6oiozgXV5pQ/wxjy4="}
{"logTime": "0529/023818", "correlationVector":"BzHisTnc3IidnjdMlEQAap.1","action":"CompareDataConsistency result: ", "result":"Compare result: Bookmarks is consistent. local entities count is: 131 local entities hash is: pzUkveMCMNnCE8CbivvLmQXsXCg="}
{"logTime": "0529/023818", "correlationVector":"BzHisTnc3IidnjdMlEQAap.2","action":"CompareDataConsistency result: ", "result":"Compare result: Preferences is consistent. local entities count is: 104 local entities hash is: GzpbV1GQQkx1tNTLzfJ3EX+y6uk="}
{"logTime": "0529/023818", "correlationVector":"BzHisTnc3IidnjdMlEQAap.3","action":"CompareDataConsistency result: ", "result":"Compare result: Extensions is consistent. local entities count is: 12 local entities hash is: +gEStKFELOsHE5vJIpC8uZADrtE="}
{"logTime": "0529/023818", "correlationVector":"BzHisTnc3IidnjdMlEQAap.4","action":"CompareDataConsistency result: ", "result":"Compare result: Extension settings is consistent. local entities count is: 14 local entities hash is: JD+7TyU9ACtzOirh0Nx5REgd628="}
{"logTime": "0529/023818", "correlationVector":"BzHisTnc3IidnjdMlEQAap.5","action":"CompareDataConsistency result: ", "result":"Compare result: History Delete Directives is consistent. local entities count is: 0 local entities hash is: "}
{"logTime": "0529/023818", "correlationVector":"BzHisTnc3IidnjdMlEQAap.6","action":"CompareDataConsistency result: ", "result":"Server did not send this Send Tab To Self local entities count is: 0 local entities hash is: "}
{"logTime": "0529/023818", "correlationVector":"BzHisTnc3IidnjdMlEQAap.7","action":"CompareDataConsistency result: ", "result":"Compare result: Web Apps is consistent. local entities count is: 0 local entities hash is: "}
{"logTime": "0529/023818", "correlationVector":"BzHisTnc3IidnjdMlEQAap.8","action":"CompareDataConsistency result: ", "result":"Server did not send this History local entities count is: 0 local entities hash is: "}
{"logTime": "0529/023818", "correlationVector":"BzHisTnc3IidnjdMlEQAap.9","action":"CompareDataConsistency result: ", "result":"Compare result: Saved Tab Group is consistent. local entities count is: 0 local entities hash is: "}
{"logTime": "0529/023818", "correlationVector":"BzHisTnc3IidnjdMlEQAap.10","action":"CompareDataConsistency result: ", "result":"Server did not send this WebAuthn Credentials local entities count is: 0 local entities hash is: "}
{"logTime": "0529/023818", "correlationVector":"BzHisTnc3IidnjdMlEQAap.11","action":"CompareDataConsistency result: ", "result":"Compare result: Collection is consistent. local entities count is: 0 local entities hash is: "}
{"logTime": "0529/023818", "correlationVector":"BzHisTnc3IidnjdMlEQAap.12","action":"CompareDataConsistency result: ", "result":"Compare result: Edge E Drop is consistent. local entities count is: 0 local entities hash is: "}
{"logTime": "0529/023818", "correlationVector":"BzHisTnc3IidnjdMlEQAap.13","action":"CompareDataConsistency result: ", "result":"Compare result: Edge Wallet is consistent. local entities count is: 0 local entities hash is: "}
{"logTime": "0529/023818", "correlationVector":"BzHisTnc3IidnjdMlEQAap.14","action":"CompareDataConsistency result: ", "result":"Server did not send this Edge Workspace local entities count is: 0 local entities hash is: "}
{"logTime": "0529/023818", "correlationVector":"BzHisTnc3IidnjdMlEQAap.15","action":"CompareDataConsistency result: ", "result":"Compare result: Passwords is consistent. local entities count is: 3 local entities hash is: BOuRTwkcrBIDng4KBnKwKfBYAvo="}
{"logTime": "0529/023818", "correlationVector":"","action":"DIAGNOSTIC_REQUEST|v1/diagnosticData/Diagnostic.SendCheckResult()|SUCCESS", "result":""}
{"logTime": "0529/025918", "correlationVector":"VbivcOdWrVn0uroeliIVsN","action":"Normal GetUpdate request", "result":"", "context":cV=VbivcOdWrVn0uroeliIVsN
Notified types: Preferences}
{"logTime": "0529/025919", "correlationVector":"VbivcOdWrVn0uroeliIVsN.1","action":"SyncServerConnectionManagerRequest", "result":"SYNC_SERVER_OK", "context":{"environment":"Prod_westus_prod-s01-081-nam-westus", "migrationStage":"NotStarted", "server":"akswtt105000018"}}
{"logTime": "0529/025919", "correlationVector":"VbivcOdWrVn0uroeliIVsN.2","action":"ProcessGetUpdates", "result":"Done", "context":{"dataType":"Preferences", "deleted":"0", "process_failed_to_decrypt":"0", "process_pending_decryption":"0", "process_success":"1", "total":"1"}}
{"logTime": "0529/025919", "correlationVector":"VbivcOdWrVn0uroeliIVsN.3","action":"GetUpdates Response", "result":"Success", "context":Received 1 update(s). cV=VbivcOdWrVn0uroeliIVsN.0;server=akswtt105000018;cloudType=Consumer;environment=Prod_westus_prod-s01-081-nam-westus;migrationStage=NotStarted}
