2026-05-28 00:17:00.388: [INFO] VisibilityChanged: 0
2026-05-28 00:17:00.421: [INFO] RecordSyncInitDuration has_sync_been_enabled: 0 state: 0
2026-05-28 00:17:00.423: [INFO] RecordSyncInitDuration has_sync_been_enabled: 0 state: 0
2026-05-28 00:17:00.425: [INFO] RecordSyncInitDuration has_sync_been_enabled: 0 state: 0
2026-05-28 00:17:00.426: [INFO] RecordSyncInitDuration has_sync_been_enabled: 0 state: 0
2026-05-28 00:17:00.428: [INFO] RecordSyncInitDuration has_sync_been_enabled: 0 state: 0
2026-05-28 00:17:00.430: [INFO] RecordSyncInitDuration has_sync_been_enabled: 0 state: 0
2026-05-28 00:17:00.431: [INFO] RecordSyncInitDuration has_sync_been_enabled: 0 state: 0
2026-05-28 00:17:00.433: [INFO] RecordSyncInitDuration has_sync_been_enabled: 0 state: 0
2026-05-28 00:17:00.435: [INFO] RecordSyncInitDuration has_sync_been_enabled: 0 state: 0
2026-05-28 00:17:00.437: [INFO] RecordSyncInitDuration has_sync_been_enabled: 0 state: 0
2026-05-28 00:17:00.439: [INFO] RecordSyncInitDuration has_sync_been_enabled: 0 state: 0
2026-05-28 00:17:00.440: [INFO] RecordSyncInitDuration has_sync_been_enabled: 0 state: 0
2026-05-28 00:17:00.457: [INFO] BookmarkModelLoaded, ids_reassigned: 0
2026-05-28 00:17:00.457: [INFO] OnDoneLoading sync enabled: 0
2026-05-28 00:17:05.354: [INFO] RecordSyncInitDuration has_sync_been_enabled: 0 state: 0
2026-05-28 00:17:07.378: [INFO] RecordSyncInitDuration has_sync_been_enabled: 0 state: 0
2026-05-28 00:17:07.388: [INFO] RecordSyncInitDuration has_sync_been_enabled: 0 state: 3
2026-05-28 00:17:07.393: [INFO] Primary account changed.
2026-05-28 00:17:07.393: [INFO] OnPrimaryAccountChanged PrimaryAccountChangeEvent::Type::kSet
2026-05-28 00:17:07.403: [INFO] RecordSyncInitDuration has_sync_been_enabled: 0 state: 3
2026-05-28 00:17:13.033: [INFO] VisibilityChanged: 1
2026-05-28 00:17:13.536: [INFO] BookmarkNodeAdded, ABU: 0
2026-05-28 00:17:13.538: [INFO] BookmarkNodeAdded, ABU: 0
2026-05-28 00:17:13.539: [INFO] BookmarkNodeAdded, ABU: 0
2026-05-28 00:17:13.539: [INFO] BookmarkNodeAdded, ABU: 0
2026-05-28 00:17:13.541: [INFO] BookmarkNodeAdded, ABU: 0
2026-05-28 00:17:13.542: [INFO] BookmarkNodeAdded, ABU: 0
2026-05-28 00:17:13.543: [INFO] BookmarkNodeAdded, ABU: 0
2026-05-28 00:17:13.545: [INFO] BookmarkNodeAdded, ABU: 0
2026-05-28 00:17:13.546: [INFO] BookmarkNodeAdded, ABU: 0
2026-05-28 00:17:13.547: [INFO] BookmarkNodeAdded, ABU: 0
2026-05-28 00:17:13.549: [INFO] BookmarkNodeAdded, ABU: 0
2026-05-28 00:17:13.551: [INFO] BookmarkNodeAdded, ABU: 0
2026-05-28 00:17:13.553: [INFO] BookmarkNodeAdded, ABU: 0
2026-05-28 00:17:13.554: [INFO] BookmarkNodeAdded, ABU: 0
2026-05-28 00:17:13.556: [INFO] BookmarkNodeAdded, ABU: 0
2026-05-28 00:17:13.557: [INFO] BookmarkNodeAdded, ABU: 0
2026-05-28 00:17:13.558: [INFO] BookmarkNodeAdded, ABU: 0
2026-05-28 00:17:13.560: [INFO] BookmarkNodeAdded, ABU: 0
2026-05-28 00:17:13.561: [INFO] BookmarkNodeAdded, ABU: 0
2026-05-28 00:17:13.563: [INFO] BookmarkNodeAdded, ABU: 0
2026-05-28 00:17:13.569: [INFO] BookmarkNodeAdded, ABU: 0
2026-05-28 00:17:13.570: [INFO] BookmarkNodeAdded, ABU: 0
2026-05-28 00:17:13.572: [INFO] BookmarkNodeAdded, ABU: 0
2026-05-28 00:17:13.573: [INFO] BookmarkNodeAdded, ABU: 0
2026-05-28 00:17:13.575: [INFO] BookmarkNodeAdded, ABU: 0
2026-05-28 00:17:13.576: [INFO] BookmarkNodeAdded, ABU: 0
2026-05-28 00:17:13.578: [INFO] BookmarkNodeAdded, ABU: 0
2026-05-28 00:17:13.579: [INFO] BookmarkNodeAdded, ABU: 0
2026-05-28 00:17:13.580: [INFO] BookmarkNodeAdded, ABU: 0
2026-05-28 00:17:13.583: [INFO] BookmarkNodeAdded, ABU: 0
2026-05-28 00:17:13.583: [INFO] BookmarkNodeAdded, ABU: 0
2026-05-28 00:17:13.584: [INFO] BookmarkNodeAdded, ABU: 0
2026-05-28 00:17:13.586: [INFO] BookmarkNodeAdded, ABU: 0
2026-05-28 00:17:13.587: [INFO] BookmarkNodeAdded, ABU: 0
2026-05-28 00:17:13.589: [INFO] BookmarkNodeAdded, ABU: 0
2026-05-28 00:17:13.590: [INFO] BookmarkNodeAdded, ABU: 0
2026-05-28 00:17:13.592: [INFO] BookmarkNodeAdded, ABU: 0
2026-05-28 00:17:13.593: [INFO] BookmarkNodeAdded, ABU: 0
2026-05-28 00:17:13.595: [INFO] BookmarkNodeAdded, ABU: 0
2026-05-28 00:17:13.596: [INFO] BookmarkNodeAdded, ABU: 0
2026-05-28 00:17:13.598: [INFO] BookmarkNodeAdded, ABU: 0
2026-05-28 00:17:13.600: [INFO] BookmarkNodeAdded, ABU: 0
2026-05-28 00:17:13.601: [INFO] BookmarkNodeAdded, ABU: 0
2026-05-28 00:17:13.602: [INFO] BookmarkNodeAdded, ABU: 0
2026-05-28 00:17:13.604: [INFO] BookmarkNodeAdded, ABU: 0
2026-05-28 00:17:13.605: [INFO] BookmarkNodeAdded, ABU: 0
2026-05-28 00:17:13.606: [INFO] BookmarkNodeAdded, ABU: 0
2026-05-28 00:17:13.608: [INFO] BookmarkNodeAdded, ABU: 0
2026-05-28 00:17:13.609: [INFO] BookmarkNodeAdded, ABU: 0
2026-05-28 00:17:13.610: [INFO] BookmarkNodeAdded, ABU: 0
2026-05-28 00:17:13.611: [INFO] BookmarkNodeAdded, ABU: 0
2026-05-28 00:17:13.613: [INFO] BookmarkNodeAdded, ABU: 0
2026-05-28 00:17:13.614: [INFO] BookmarkNodeAdded, ABU: 0
2026-05-28 00:17:13.616: [INFO] BookmarkNodeAdded, ABU: 0
2026-05-28 00:17:13.617: [INFO] BookmarkNodeAdded, ABU: 0
2026-05-28 00:17:13.618: [INFO] BookmarkNodeAdded, ABU: 0
2026-05-28 00:17:13.620: [INFO] BookmarkNodeAdded, ABU: 0
2026-05-28 00:17:13.621: [INFO] BookmarkNodeAdded, ABU: 0
2026-05-28 00:17:13.622: [INFO] BookmarkNodeAdded, ABU: 0
2026-05-28 00:17:13.624: [INFO] BookmarkNodeAdded, ABU: 0
2026-05-28 00:17:13.625: [INFO] BookmarkNodeAdded, ABU: 0
2026-05-28 00:17:13.626: [INFO] BookmarkNodeAdded, ABU: 0
2026-05-28 00:17:13.628: [INFO] BookmarkNodeAdded, ABU: 0
2026-05-28 00:17:13.629: [INFO] BookmarkNodeAdded, ABU: 0
2026-05-28 00:17:13.630: [INFO] BookmarkNodeAdded, ABU: 0
2026-05-28 00:17:13.632: [INFO] BookmarkNodeAdded, ABU: 0
2026-05-28 00:17:13.633: [INFO] BookmarkNodeAdded, ABU: 0
2026-05-28 00:17:13.635: [INFO] BookmarkNodeAdded, ABU: 0
2026-05-28 00:17:13.637: [INFO] BookmarkNodeAdded, ABU: 0
2026-05-28 00:17:13.639: [INFO] BookmarkNodeAdded, ABU: 0
2026-05-28 00:17:13.643: [INFO] BookmarkNodeAdded, ABU: 0
2026-05-28 00:17:13.645: [INFO] BookmarkNodeAdded, ABU: 0
2026-05-28 00:17:13.646: [INFO] BookmarkNodeAdded, ABU: 0
2026-05-28 00:17:13.651: [INFO] BookmarkNodeAdded, ABU: 0
2026-05-28 00:17:13.653: [INFO] BookmarkNodeAdded, ABU: 0
2026-05-28 00:17:13.655: [INFO] BookmarkNodeAdded, ABU: 0
2026-05-28 00:17:13.656: [INFO] BookmarkNodeAdded, ABU: 0
2026-05-28 00:17:13.658: [INFO] BookmarkNodeAdded, ABU: 0
2026-05-28 00:17:13.659: [INFO] BookmarkNodeAdded, ABU: 0
2026-05-28 00:17:13.661: [INFO] BookmarkNodeAdded, ABU: 0
2026-05-28 00:17:13.662: [INFO] BookmarkNodeAdded, ABU: 0
2026-05-28 00:17:13.664: [INFO] BookmarkNodeAdded, ABU: 0
2026-05-28 00:17:13.666: [INFO] BookmarkNodeAdded, ABU: 0
2026-05-28 00:17:13.668: [INFO] BookmarkNodeAdded, ABU: 0
2026-05-28 00:17:13.669: [INFO] BookmarkNodeAdded, ABU: 0
2026-05-28 00:17:13.671: [INFO] BookmarkNodeAdded, ABU: 0
2026-05-28 00:17:13.672: [INFO] BookmarkNodeAdded, ABU: 0
2026-05-28 00:17:13.682: [INFO] BookmarkNodeAdded, ABU: 0
2026-05-28 00:17:13.685: [INFO] BookmarkNodeAdded, ABU: 0
2026-05-28 00:17:13.686: [INFO] BookmarkNodeAdded, ABU: 0
2026-05-28 00:17:13.691: [INFO] BookmarkNodeAdded, ABU: 0
2026-05-28 00:17:13.693: [INFO] BookmarkNodeAdded, ABU: 0
2026-05-28 00:17:13.695: [INFO] BookmarkNodeAdded, ABU: 0
2026-05-28 00:17:13.696: [INFO] BookmarkNodeAdded, ABU: 0
2026-05-28 00:17:13.698: [INFO] BookmarkNodeAdded, ABU: 0
2026-05-28 00:17:13.700: [INFO] BookmarkNodeAdded, ABU: 0
2026-05-28 00:17:13.703: [INFO] BookmarkNodeAdded, ABU: 0
2026-05-28 00:17:13.704: [INFO] BookmarkNodeAdded, ABU: 0
2026-05-28 00:17:13.706: [INFO] BookmarkNodeAdded, ABU: 0
2026-05-28 00:17:13.708: [INFO] BookmarkNodeAdded, ABU: 0
2026-05-28 00:17:13.709: [INFO] BookmarkNodeAdded, ABU: 0
2026-05-28 00:17:13.711: [INFO] BookmarkNodeAdded, ABU: 0
2026-05-28 00:17:13.712: [INFO] BookmarkNodeAdded, ABU: 0
2026-05-28 00:17:13.717: [INFO] BookmarkNodeAdded, ABU: 0
2026-05-28 00:17:13.719: [INFO] BookmarkNodeAdded, ABU: 0
2026-05-28 00:17:13.720: [INFO] BookmarkNodeAdded, ABU: 0
2026-05-28 00:17:13.722: [INFO] BookmarkNodeAdded, ABU: 0
2026-05-28 00:17:13.723: [INFO] BookmarkNodeAdded, ABU: 0
2026-05-28 00:17:13.725: [INFO] BookmarkNodeAdded, ABU: 0
2026-05-28 00:17:13.725: [INFO] BookmarkNodeAdded, ABU: 0
2026-05-28 00:17:13.727: [INFO] BookmarkNodeAdded, ABU: 0
2026-05-28 00:17:13.728: [INFO] BookmarkNodeAdded, ABU: 0
2026-05-28 00:17:13.730: [INFO] BookmarkNodeAdded, ABU: 0
2026-05-28 00:17:13.731: [INFO] BookmarkNodeAdded, ABU: 0
2026-05-28 00:17:13.733: [INFO] BookmarkNodeAdded, ABU: 0
2026-05-28 00:17:13.735: [INFO] BookmarkNodeAdded, ABU: 0
2026-05-28 00:17:13.736: [INFO] BookmarkNodeAdded, ABU: 0
2026-05-28 00:17:13.738: [INFO] BookmarkNodeAdded, ABU: 0
2026-05-28 00:17:13.739: [INFO] BookmarkNodeAdded, ABU: 0
2026-05-28 00:17:13.741: [INFO] BookmarkNodeAdded, ABU: 0
2026-05-28 00:17:13.742: [INFO] BookmarkNodeAdded, ABU: 0
2026-05-28 00:17:13.744: [INFO] BookmarkNodeAdded, ABU: 0
2026-05-28 00:17:13.745: [INFO] BookmarkNodeAdded, ABU: 0
2026-05-28 00:17:13.747: [INFO] BookmarkNodeAdded, ABU: 0
2026-05-28 00:17:13.748: [INFO] BookmarkNodeAdded, ABU: 0
2026-05-28 00:17:13.749: [INFO] BookmarkNodeAdded, ABU: 0
2026-05-28 00:17:13.751: [INFO] BookmarkNodeAdded, ABU: 0
2026-05-28 00:17:13.752: [INFO] BookmarkNodeAdded, ABU: 0
2026-05-28 00:17:13.753: [INFO] BookmarkNodeAdded, ABU: 0
2026-05-28 00:17:13.755: [INFO] BookmarkNodeAdded, ABU: 0
2026-05-28 00:17:13.756: [INFO] BookmarkNodeAdded, ABU: 0
2026-05-28 00:17:14.578: [INFO] Sync initialization duration: 6138ms
